Archive member included to satisfy reference by file (symbol)

c:/program files (x86)/atmel/studio/7.0/toolchain/avr8/avr8-gnu-toolchain/bin/../lib/gcc/avr/5.4.0/avr5\libgcc.a(_exit.o)
                              c:/program files (x86)/atmel/studio/7.0/toolchain/avr8/avr8-gnu-toolchain/bin/../lib/gcc/avr/5.4.0/../../../../avr/lib/avr5/crtatmega32.o (exit)
c:/program files (x86)/atmel/studio/7.0/toolchain/avr8/avr8-gnu-toolchain/bin/../lib/gcc/avr/5.4.0/avr5\libgcc.a(_copy_data.o)
                              HAL/Led/Led_Cfg/Led_Cfg.o (__do_copy_data)
c:/program files (x86)/atmel/studio/7.0/toolchain/avr8/avr8-gnu-toolchain/bin/../lib/gcc/avr/5.4.0/avr5\libgcc.a(_clear_bss.o)
                              APP/Motor/Motor.o (__do_clear_bss)
c:/program files (x86)/atmel/studio/7.0/toolchain/avr8/avr8-gnu-toolchain/bin/../lib/gcc/avr/5.4.0/avr5\libgcc.a(_umulhisi3.o)
                              main.o (__umulhisi3)

Discarded input sections

 .data          0x00000000        0x0 c:/program files (x86)/atmel/studio/7.0/toolchain/avr8/avr8-gnu-toolchain/bin/../lib/gcc/avr/5.4.0/../../../../avr/lib/avr5/crtatmega32.o
 .bss           0x00000000        0x0 c:/program files (x86)/atmel/studio/7.0/toolchain/avr8/avr8-gnu-toolchain/bin/../lib/gcc/avr/5.4.0/../../../../avr/lib/avr5/crtatmega32.o
 .text          0x00000000        0x0 APP/MOD/Mod.o
 .data          0x00000000        0x0 APP/MOD/Mod.o
 .bss           0x00000000        0x0 APP/MOD/Mod.o
 .text          0x00000000        0x0 APP/Motor/Motor.o
 .data          0x00000000        0x0 APP/Motor/Motor.o
 .bss           0x00000000        0x0 APP/Motor/Motor.o
 .text.Motor_DriveMotor
                0x00000000       0x4c APP/Motor/Motor.o
 .text          0x00000000        0x0 APP/POS/Pos.o
 .data          0x00000000        0x0 APP/POS/Pos.o
 .bss           0x00000000        0x0 APP/POS/Pos.o
 .text.Pos_GetWindowPos
                0x00000000        0x6 APP/POS/Pos.o
 .text          0x00000000        0x0 APP/WinBtn/WinBtn.o
 .data          0x00000000        0x0 APP/WinBtn/WinBtn.o
 .bss           0x00000000        0x0 APP/WinBtn/WinBtn.o
 .text.WinBtn_GetWinBtnState
                0x00000000       0x46 APP/WinBtn/WinBtn.o
 .text          0x00000000        0x0 HAL/Led/Led_Cfg/Led_Cfg.o
 .data          0x00000000        0x0 HAL/Led/Led_Cfg/Led_Cfg.o
 .bss           0x00000000        0x0 HAL/Led/Led_Cfg/Led_Cfg.o
 .text          0x00000000        0x0 HAL/Led/Led_Src/Led.o
 .data          0x00000000        0x0 HAL/Led/Led_Src/Led.o
 .bss           0x00000000        0x0 HAL/Led/Led_Src/Led.o
 .text.Led_Toggle
                0x00000000       0x30 HAL/Led/Led_Src/Led.o
 .text          0x00000000        0x0 HAL/Switch/Switch_Cfg/Switch_Cfg.o
 .data          0x00000000        0x0 HAL/Switch/Switch_Cfg/Switch_Cfg.o
 .bss           0x00000000        0x0 HAL/Switch/Switch_Cfg/Switch_Cfg.o
 .text          0x00000000        0x0 HAL/Switch/Switch_Src/Switch.o
 .data          0x00000000        0x0 HAL/Switch/Switch_Src/Switch.o
 .bss           0x00000000        0x0 HAL/Switch/Switch_Src/Switch.o
 .text.Sw_GetStateOnce
                0x00000000       0xae HAL/Switch/Switch_Src/Switch.o
 .bss.State.1897
                0x00000000        0x3 HAL/Switch/Switch_Src/Switch.o
 .text          0x00000000        0x0 main.o
 .data          0x00000000        0x0 main.o
 .bss           0x00000000        0x0 main.o
 .text          0x00000000        0x0 MCAL/Dio/Dio_Cfg/DIo_Cfg.o
 .data          0x00000000        0x0 MCAL/Dio/Dio_Cfg/DIo_Cfg.o
 .bss           0x00000000        0x0 MCAL/Dio/Dio_Cfg/DIo_Cfg.o
 .text          0x00000000        0x0 MCAL/Dio/Dio_Src/Dio.o
 .data          0x00000000        0x0 MCAL/Dio/Dio_Src/Dio.o
 .bss           0x00000000        0x0 MCAL/Dio/Dio_Src/Dio.o
 .text.Dio_SetChannel
                0x00000000       0xd4 MCAL/Dio/Dio_Src/Dio.o
 .text.Dio_ClearChannel
                0x00000000       0xdc MCAL/Dio/Dio_Src/Dio.o
 .text.Dio_ToggleChannel
                0x00000000       0xd4 MCAL/Dio/Dio_Src/Dio.o
 .text          0x00000000        0x0 MCAL/Timer0/Timer0_Src/Timer0.o
 .data          0x00000000        0x0 MCAL/Timer0/Timer0_Src/Timer0.o
 .bss           0x00000000        0x0 MCAL/Timer0/Timer0_Src/Timer0.o
 .text          0x00000000        0x0 Tasks.o
 .data          0x00000000        0x0 Tasks.o
 .bss           0x00000000        0x0 Tasks.o
 .text          0x00000000        0x0 c:/program files (x86)/atmel/studio/7.0/toolchain/avr8/avr8-gnu-toolchain/bin/../lib/gcc/avr/5.4.0/avr5\libgcc.a(_exit.o)
 .data          0x00000000        0x0 c:/program files (x86)/atmel/studio/7.0/toolchain/avr8/avr8-gnu-toolchain/bin/../lib/gcc/avr/5.4.0/avr5\libgcc.a(_exit.o)
 .bss           0x00000000        0x0 c:/program files (x86)/atmel/studio/7.0/toolchain/avr8/avr8-gnu-toolchain/bin/../lib/gcc/avr/5.4.0/avr5\libgcc.a(_exit.o)
 .text.libgcc.mul
                0x00000000        0x0 c:/program files (x86)/atmel/studio/7.0/toolchain/avr8/avr8-gnu-toolchain/bin/../lib/gcc/avr/5.4.0/avr5\libgcc.a(_exit.o)
 .text.libgcc.div
                0x00000000        0x0 c:/program files (x86)/atmel/studio/7.0/toolchain/avr8/avr8-gnu-toolchain/bin/../lib/gcc/avr/5.4.0/avr5\libgcc.a(_exit.o)
 .text.libgcc   0x00000000        0x0 c:/program files (x86)/atmel/studio/7.0/toolchain/avr8/avr8-gnu-toolchain/bin/../lib/gcc/avr/5.4.0/avr5\libgcc.a(_exit.o)
 .text.libgcc.prologue
                0x00000000        0x0 c:/program files (x86)/atmel/studio/7.0/toolchain/avr8/avr8-gnu-toolchain/bin/../lib/gcc/avr/5.4.0/avr5\libgcc.a(_exit.o)
 .text.libgcc.builtins
                0x00000000        0x0 c:/program files (x86)/atmel/studio/7.0/toolchain/avr8/avr8-gnu-toolchain/bin/../lib/gcc/avr/5.4.0/avr5\libgcc.a(_exit.o)
 .text.libgcc.fmul
                0x00000000        0x0 c:/program files (x86)/atmel/studio/7.0/toolchain/avr8/avr8-gnu-toolchain/bin/../lib/gcc/avr/5.4.0/avr5\libgcc.a(_exit.o)
 .text.libgcc.fixed
                0x00000000        0x0 c:/program files (x86)/atmel/studio/7.0/toolchain/avr8/avr8-gnu-toolchain/bin/../lib/gcc/avr/5.4.0/avr5\libgcc.a(_exit.o)
 .text          0x00000000        0x0 c:/program files (x86)/atmel/studio/7.0/toolchain/avr8/avr8-gnu-toolchain/bin/../lib/gcc/avr/5.4.0/avr5\libgcc.a(_copy_data.o)
 .data          0x00000000        0x0 c:/program files (x86)/atmel/studio/7.0/toolchain/avr8/avr8-gnu-toolchain/bin/../lib/gcc/avr/5.4.0/avr5\libgcc.a(_copy_data.o)
 .bss           0x00000000        0x0 c:/program files (x86)/atmel/studio/7.0/toolchain/avr8/avr8-gnu-toolchain/bin/../lib/gcc/avr/5.4.0/avr5\libgcc.a(_copy_data.o)
 .text.libgcc.mul
                0x00000000        0x0 c:/program files (x86)/atmel/studio/7.0/toolchain/avr8/avr8-gnu-toolchain/bin/../lib/gcc/avr/5.4.0/avr5\libgcc.a(_copy_data.o)
 .text.libgcc.div
                0x00000000        0x0 c:/program files (x86)/atmel/studio/7.0/toolchain/avr8/avr8-gnu-toolchain/bin/../lib/gcc/avr/5.4.0/avr5\libgcc.a(_copy_data.o)
 .text.libgcc   0x00000000        0x0 c:/program files (x86)/atmel/studio/7.0/toolchain/avr8/avr8-gnu-toolchain/bin/../lib/gcc/avr/5.4.0/avr5\libgcc.a(_copy_data.o)
 .text.libgcc.prologue
                0x00000000        0x0 c:/program files (x86)/atmel/studio/7.0/toolchain/avr8/avr8-gnu-toolchain/bin/../lib/gcc/avr/5.4.0/avr5\libgcc.a(_copy_data.o)
 .text.libgcc.builtins
                0x00000000        0x0 c:/program files (x86)/atmel/studio/7.0/toolchain/avr8/avr8-gnu-toolchain/bin/../lib/gcc/avr/5.4.0/avr5\libgcc.a(_copy_data.o)
 .text.libgcc.fmul
                0x00000000        0x0 c:/program files (x86)/atmel/studio/7.0/toolchain/avr8/avr8-gnu-toolchain/bin/../lib/gcc/avr/5.4.0/avr5\libgcc.a(_copy_data.o)
 .text.libgcc.fixed
                0x00000000        0x0 c:/program files (x86)/atmel/studio/7.0/toolchain/avr8/avr8-gnu-toolchain/bin/../lib/gcc/avr/5.4.0/avr5\libgcc.a(_copy_data.o)
 .text          0x00000000        0x0 c:/program files (x86)/atmel/studio/7.0/toolchain/avr8/avr8-gnu-toolchain/bin/../lib/gcc/avr/5.4.0/avr5\libgcc.a(_clear_bss.o)
 .data          0x00000000        0x0 c:/program files (x86)/atmel/studio/7.0/toolchain/avr8/avr8-gnu-toolchain/bin/../lib/gcc/avr/5.4.0/avr5\libgcc.a(_clear_bss.o)
 .bss           0x00000000        0x0 c:/program files (x86)/atmel/studio/7.0/toolchain/avr8/avr8-gnu-toolchain/bin/../lib/gcc/avr/5.4.0/avr5\libgcc.a(_clear_bss.o)
 .text.libgcc.mul
                0x00000000        0x0 c:/program files (x86)/atmel/studio/7.0/toolchain/avr8/avr8-gnu-toolchain/bin/../lib/gcc/avr/5.4.0/avr5\libgcc.a(_clear_bss.o)
 .text.libgcc.div
                0x00000000        0x0 c:/program files (x86)/atmel/studio/7.0/toolchain/avr8/avr8-gnu-toolchain/bin/../lib/gcc/avr/5.4.0/avr5\libgcc.a(_clear_bss.o)
 .text.libgcc   0x00000000        0x0 c:/program files (x86)/atmel/studio/7.0/toolchain/avr8/avr8-gnu-toolchain/bin/../lib/gcc/avr/5.4.0/avr5\libgcc.a(_clear_bss.o)
 .text.libgcc.prologue
                0x00000000        0x0 c:/program files (x86)/atmel/studio/7.0/toolchain/avr8/avr8-gnu-toolchain/bin/../lib/gcc/avr/5.4.0/avr5\libgcc.a(_clear_bss.o)
 .text.libgcc.builtins
                0x00000000        0x0 c:/program files (x86)/atmel/studio/7.0/toolchain/avr8/avr8-gnu-toolchain/bin/../lib/gcc/avr/5.4.0/avr5\libgcc.a(_clear_bss.o)
 .text.libgcc.fmul
                0x00000000        0x0 c:/program files (x86)/atmel/studio/7.0/toolchain/avr8/avr8-gnu-toolchain/bin/../lib/gcc/avr/5.4.0/avr5\libgcc.a(_clear_bss.o)
 .text.libgcc.fixed
                0x00000000        0x0 c:/program files (x86)/atmel/studio/7.0/toolchain/avr8/avr8-gnu-toolchain/bin/../lib/gcc/avr/5.4.0/avr5\libgcc.a(_clear_bss.o)
 .text          0x00000000        0x0 c:/program files (x86)/atmel/studio/7.0/toolchain/avr8/avr8-gnu-toolchain/bin/../lib/gcc/avr/5.4.0/avr5\libgcc.a(_umulhisi3.o)
 .data          0x00000000        0x0 c:/program files (x86)/atmel/studio/7.0/toolchain/avr8/avr8-gnu-toolchain/bin/../lib/gcc/avr/5.4.0/avr5\libgcc.a(_umulhisi3.o)
 .bss           0x00000000        0x0 c:/program files (x86)/atmel/studio/7.0/toolchain/avr8/avr8-gnu-toolchain/bin/../lib/gcc/avr/5.4.0/avr5\libgcc.a(_umulhisi3.o)
 .text.libgcc.div
                0x00000000        0x0 c:/program files (x86)/atmel/studio/7.0/toolchain/avr8/avr8-gnu-toolchain/bin/../lib/gcc/avr/5.4.0/avr5\libgcc.a(_umulhisi3.o)
 .text.libgcc   0x00000000        0x0 c:/program files (x86)/atmel/studio/7.0/toolchain/avr8/avr8-gnu-toolchain/bin/../lib/gcc/avr/5.4.0/avr5\libgcc.a(_umulhisi3.o)
 .text.libgcc.prologue
                0x00000000        0x0 c:/program files (x86)/atmel/studio/7.0/toolchain/avr8/avr8-gnu-toolchain/bin/../lib/gcc/avr/5.4.0/avr5\libgcc.a(_umulhisi3.o)
 .text.libgcc.builtins
                0x00000000        0x0 c:/program files (x86)/atmel/studio/7.0/toolchain/avr8/avr8-gnu-toolchain/bin/../lib/gcc/avr/5.4.0/avr5\libgcc.a(_umulhisi3.o)
 .text.libgcc.fmul
                0x00000000        0x0 c:/program files (x86)/atmel/studio/7.0/toolchain/avr8/avr8-gnu-toolchain/bin/../lib/gcc/avr/5.4.0/avr5\libgcc.a(_umulhisi3.o)
 .text.libgcc.fixed
                0x00000000        0x0 c:/program files (x86)/atmel/studio/7.0/toolchain/avr8/avr8-gnu-toolchain/bin/../lib/gcc/avr/5.4.0/avr5\libgcc.a(_umulhisi3.o)

Memory Configuration

Name             Origin             Length             Attributes
text             0x00000000         0x00008000         xr
data             0x00800060         0x00000800         rw !x
eeprom           0x00810000         0x00000400         rw !x
fuse             0x00820000         0x00000002         rw !x
lock             0x00830000         0x00000400         rw !x
signature        0x00840000         0x00000400         rw !x
user_signatures  0x00850000         0x00000400         rw !x
*default*        0x00000000         0xffffffff

Linker script and memory map

LOAD c:/program files (x86)/atmel/studio/7.0/toolchain/avr8/avr8-gnu-toolchain/bin/../lib/gcc/avr/5.4.0/../../../../avr/lib/avr5/crtatmega32.o
LOAD APP/MOD/Mod.o
LOAD APP/Motor/Motor.o
LOAD APP/POS/Pos.o
LOAD APP/WinBtn/WinBtn.o
LOAD HAL/Led/Led_Cfg/Led_Cfg.o
LOAD HAL/Led/Led_Src/Led.o
LOAD HAL/Switch/Switch_Cfg/Switch_Cfg.o
LOAD HAL/Switch/Switch_Src/Switch.o
LOAD main.o
LOAD MCAL/Dio/Dio_Cfg/DIo_Cfg.o
LOAD MCAL/Dio/Dio_Src/Dio.o
LOAD MCAL/Timer0/Timer0_Src/Timer0.o
LOAD Tasks.o
START GROUP
LOAD c:/program files (x86)/atmel/studio/7.0/toolchain/avr8/avr8-gnu-toolchain/bin/../lib/gcc/avr/5.4.0/../../../../avr/lib/avr5\libm.a
END GROUP
START GROUP
LOAD c:/program files (x86)/atmel/studio/7.0/toolchain/avr8/avr8-gnu-toolchain/bin/../lib/gcc/avr/5.4.0/avr5\libgcc.a
LOAD c:/program files (x86)/atmel/studio/7.0/toolchain/avr8/avr8-gnu-toolchain/bin/../lib/gcc/avr/5.4.0/../../../../avr/lib/avr5\libm.a
LOAD c:/program files (x86)/atmel/studio/7.0/toolchain/avr8/avr8-gnu-toolchain/bin/../lib/gcc/avr/5.4.0/../../../../avr/lib/avr5\libc.a
LOAD c:/program files (x86)/atmel/studio/7.0/toolchain/avr8/avr8-gnu-toolchain/bin/../lib/gcc/avr/5.4.0/../../../../avr/lib/avr5\libatmega32.a
END GROUP
                0x00000000                __TEXT_REGION_ORIGIN__ = DEFINED (__TEXT_REGION_ORIGIN__)?__TEXT_REGION_ORIGIN__:0x0
                [0x00800060]                __DATA_REGION_ORIGIN__ = DEFINED (__DATA_REGION_ORIGIN__)?__DATA_REGION_ORIGIN__:0x800060
                [0x00008000]                __TEXT_REGION_LENGTH__ = DEFINED (__TEXT_REGION_LENGTH__)?__TEXT_REGION_LENGTH__:0x20000
                [0x00000800]                __DATA_REGION_LENGTH__ = DEFINED (__DATA_REGION_LENGTH__)?__DATA_REGION_LENGTH__:0xffa0
                [0x00000400]                __EEPROM_REGION_LENGTH__ = DEFINED (__EEPROM_REGION_LENGTH__)?__EEPROM_REGION_LENGTH__:0x10000
                [0x00000002]                __FUSE_REGION_LENGTH__ = DEFINED (__FUSE_REGION_LENGTH__)?__FUSE_REGION_LENGTH__:0x400
                0x00000400                __LOCK_REGION_LENGTH__ = DEFINED (__LOCK_REGION_LENGTH__)?__LOCK_REGION_LENGTH__:0x400
                0x00000400                __SIGNATURE_REGION_LENGTH__ = DEFINED (__SIGNATURE_REGION_LENGTH__)?__SIGNATURE_REGION_LENGTH__:0x400
                0x00000400                __USER_SIGNATURE_REGION_LENGTH__ = DEFINED (__USER_SIGNATURE_REGION_LENGTH__)?__USER_SIGNATURE_REGION_LENGTH__:0x400

.hash
 *(.hash)

.dynsym
 *(.dynsym)

.dynstr
 *(.dynstr)

.gnu.version
 *(.gnu.version)

.gnu.version_d
 *(.gnu.version_d)

.gnu.version_r
 *(.gnu.version_r)

.rel.init
 *(.rel.init)

.rela.init
 *(.rela.init)

.rel.text
 *(.rel.text)
 *(.rel.text.*)
 *(.rel.gnu.linkonce.t*)

.rela.text
 *(.rela.text)
 *(.rela.text.*)
 *(.rela.gnu.linkonce.t*)

.rel.fini
 *(.rel.fini)

.rela.fini
 *(.rela.fini)

.rel.rodata
 *(.rel.rodata)
 *(.rel.rodata.*)
 *(.rel.gnu.linkonce.r*)

.rela.rodata
 *(.rela.rodata)
 *(.rela.rodata.*)
 *(.rela.gnu.linkonce.r*)

.rel.data
 *(.rel.data)
 *(.rel.data.*)
 *(.rel.gnu.linkonce.d*)

.rela.data
 *(.rela.data)
 *(.rela.data.*)
 *(.rela.gnu.linkonce.d*)

.rel.ctors
 *(.rel.ctors)

.rela.ctors
 *(.rela.ctors)

.rel.dtors
 *(.rel.dtors)

.rela.dtors
 *(.rela.dtors)

.rel.got
 *(.rel.got)

.rela.got
 *(.rela.got)

.rel.bss
 *(.rel.bss)

.rela.bss
 *(.rela.bss)

.rel.plt
 *(.rel.plt)

.rela.plt
 *(.rela.plt)

.text           0x00000000      0xc14
 *(.vectors)
 .vectors       0x00000000       0x54 c:/program files (x86)/atmel/studio/7.0/toolchain/avr8/avr8-gnu-toolchain/bin/../lib/gcc/avr/5.4.0/../../../../avr/lib/avr5/crtatmega32.o
                0x00000000                __vector_default
                0x00000000                __vectors
 *(.vectors)
 *(.progmem.gcc*)
                0x00000054                . = ALIGN (0x2)
                0x00000054                __trampolines_start = .
 *(.trampolines)
 .trampolines   0x00000054        0x0 linker stubs
 *(.trampolines*)
                0x00000054                __trampolines_end = .
 *libprintf_flt.a:*(.progmem.data)
 *libc.a:*(.progmem.data)
 *(.progmem*)
                0x00000054                . = ALIGN (0x2)
 *(.jumptables)
 *(.jumptables*)
 *(.lowtext)
 *(.lowtext*)
                0x00000054                __ctors_start = .
 *(.ctors)
                0x00000054                __ctors_end = .
                0x00000054                __dtors_start = .
 *(.dtors)
                0x00000054                __dtors_end = .
 SORT(*)(.ctors)
 SORT(*)(.dtors)
 *(.init0)
 .init0         0x00000054        0x0 c:/program files (x86)/atmel/studio/7.0/toolchain/avr8/avr8-gnu-toolchain/bin/../lib/gcc/avr/5.4.0/../../../../avr/lib/avr5/crtatmega32.o
                0x00000054                __init
 *(.init0)
 *(.init1)
 *(.init1)
 *(.init2)
 .init2         0x00000054        0xc c:/program files (x86)/atmel/studio/7.0/toolchain/avr8/avr8-gnu-toolchain/bin/../lib/gcc/avr/5.4.0/../../../../avr/lib/avr5/crtatmega32.o
 *(.init2)
 *(.init3)
 *(.init3)
 *(.init4)
 .init4         0x00000060       0x16 c:/program files (x86)/atmel/studio/7.0/toolchain/avr8/avr8-gnu-toolchain/bin/../lib/gcc/avr/5.4.0/avr5\libgcc.a(_copy_data.o)
                0x00000060                __do_copy_data
 .init4         0x00000076       0x10 c:/program files (x86)/atmel/studio/7.0/toolchain/avr8/avr8-gnu-toolchain/bin/../lib/gcc/avr/5.4.0/avr5\libgcc.a(_clear_bss.o)
                0x00000076                __do_clear_bss
 *(.init4)
 *(.init5)
 *(.init5)
 *(.init6)
 *(.init6)
 *(.init7)
 *(.init7)
 *(.init8)
 *(.init8)
 *(.init9)
 .init9         0x00000086        0x8 c:/program files (x86)/atmel/studio/7.0/toolchain/avr8/avr8-gnu-toolchain/bin/../lib/gcc/avr/5.4.0/../../../../avr/lib/avr5/crtatmega32.o
 *(.init9)
 *(.text)
 .text          0x0000008e        0x4 c:/program files (x86)/atmel/studio/7.0/toolchain/avr8/avr8-gnu-toolchain/bin/../lib/gcc/avr/5.4.0/../../../../avr/lib/avr5/crtatmega32.o
                0x0000008e                __vector_1
                0x0000008e                __vector_12
                0x0000008e                __bad_interrupt
                0x0000008e                __vector_6
                0x0000008e                __vector_3
                0x0000008e                __vector_11
                0x0000008e                __vector_13
                0x0000008e                __vector_17
                0x0000008e                __vector_19
                0x0000008e                __vector_7
                0x0000008e                __vector_5
                0x0000008e                __vector_4
                0x0000008e                __vector_9
                0x0000008e                __vector_2
                0x0000008e                __vector_15
                0x0000008e                __vector_8
                0x0000008e                __vector_14
                0x0000008e                __vector_16
                0x0000008e                __vector_18
                0x0000008e                __vector_20
                0x00000092                . = ALIGN (0x2)
 *(.text.*)
 .text.Mod_Init
                0x00000092        0x2 APP/MOD/Mod.o
                0x00000092                Mod_Init
 .text.Mod_Cyclic
                0x00000094        0x2 APP/MOD/Mod.o
                0x00000094                Mod_Cyclic
 .text.Mod_GetCurrentMode
                0x00000096        0x2 APP/MOD/Mod.o
                0x00000096                Mod_GetCurrentMode
 .text.Motor_Init
                0x00000098        0x6 APP/Motor/Motor.o
                0x00000098                Motor_Init
 .text.Pos_Init
                0x0000009e        0x6 APP/POS/Pos.o
                0x0000009e                Pos_Init
 .text.Pos_Cyclic
                0x000000a4       0x56 APP/POS/Pos.o
                0x000000a4                Pos_Cyclic
 .text.WinBtn_Init
                0x000000fa        0x2 APP/WinBtn/WinBtn.o
                0x000000fa                WinBtn_Init
 .text.Led_ON   0x000000fc       0x6a HAL/Led/Led_Src/Led.o
                0x000000fc                Led_ON
 .text.Led_OFF  0x00000166       0x6a HAL/Led/Led_Src/Led.o
                0x00000166                Led_OFF
 .text.Led_Init
                0x000001d0       0x54 HAL/Led/Led_Src/Led.o
                0x000001d0                Led_Init
 .text.Sw_Init  0x00000224       0x30 HAL/Switch/Switch_Src/Switch.o
                0x00000224                Sw_Init
 .text.Sw_UpdateState_Cyclic
                0x00000254      0x120 HAL/Switch/Switch_Src/Switch.o
                0x00000254                Sw_UpdateState_Cyclic
 .text.Sw_GetState
                0x00000374       0x26 HAL/Switch/Switch_Src/Switch.o
                0x00000374                Sw_GetState
 .text.main     0x0000039a      0x268 main.o
                0x0000039a                main
 .text.Timer0_500us_Cbk
                0x00000602       0x58 main.o
                0x00000602                Timer0_500us_Cbk
 .text.Dio_SetDir
                0x0000065a      0x1e8 MCAL/Dio/Dio_Src/Dio.o
                0x0000065a                Dio_SetDir
 .text.Dio_Write
                0x00000842      0x196 MCAL/Dio/Dio_Src/Dio.o
                0x00000842                Dio_Write
 .text.Dio_Init_Channel
                0x000009d8       0x54 MCAL/Dio/Dio_Src/Dio.o
                0x000009d8                Dio_Init_Channel
 .text.Dio_Init
                0x00000a2c       0x28 MCAL/Dio/Dio_Src/Dio.o
                0x00000a2c                Dio_Init
 .text.Dio_Read
                0x00000a54       0xe2 MCAL/Dio/Dio_Src/Dio.o
                0x00000a54                Dio_Read
 .text.T0_Timer0_Init
                0x00000b36       0x2e MCAL/Timer0/Timer0_Src/Timer0.o
                0x00000b36                T0_Timer0_Init
 .text.__vector_10
                0x00000b64       0x48 MCAL/Timer0/Timer0_Src/Timer0.o
                0x00000b64                __vector_10
 .text.Task_Init
                0x00000bac       0x22 Tasks.o
                0x00000bac                Task_Init
 .text.Task_500us
                0x00000bce        0x2 Tasks.o
                0x00000bce                Task_500us
 .text.Task_1ms
                0x00000bd0        0x2 Tasks.o
                0x00000bd0                Task_1ms
 .text.Task_2ms
                0x00000bd2        0x2 Tasks.o
                0x00000bd2                Task_2ms
 .text.Task_5ms
                0x00000bd4        0x2 Tasks.o
                0x00000bd4                Task_5ms
 .text.Task_10ms
                0x00000bd6        0xa Tasks.o
                0x00000bd6                Task_10ms
 .text.Task_20ms
                0x00000be0        0x2 Tasks.o
                0x00000be0                Task_20ms
 .text.Task_50ms
                0x00000be2        0x6 Tasks.o
                0x00000be2                Task_50ms
 .text.Task_100ms
                0x00000be8        0x2 Tasks.o
                0x00000be8                Task_100ms
 .text.Task_200ms
                0x00000bea        0x2 Tasks.o
                0x00000bea                Task_200ms
 .text.Task_500ms
                0x00000bec        0x2 Tasks.o
                0x00000bec                Task_500ms
 .text.Task_1000ms
                0x00000bee        0x2 Tasks.o
                0x00000bee                Task_1000ms
 .text.Task_2000ms
                0x00000bf0        0x2 Tasks.o
                0x00000bf0                Task_2000ms
 .text.libgcc.mul
                0x00000bf2       0x1e c:/program files (x86)/atmel/studio/7.0/toolchain/avr8/avr8-gnu-toolchain/bin/../lib/gcc/avr/5.4.0/avr5\libgcc.a(_umulhisi3.o)
                0x00000bf2                __umulhisi3
                0x00000c10                . = ALIGN (0x2)
 *(.fini9)
 .fini9         0x00000c10        0x0 c:/program files (x86)/atmel/studio/7.0/toolchain/avr8/avr8-gnu-toolchain/bin/../lib/gcc/avr/5.4.0/avr5\libgcc.a(_exit.o)
                0x00000c10                _exit
                0x00000c10                exit
 *(.fini9)
 *(.fini8)
 *(.fini8)
 *(.fini7)
 *(.fini7)
 *(.fini6)
 *(.fini6)
 *(.fini5)
 *(.fini5)
 *(.fini4)
 *(.fini4)
 *(.fini3)
 *(.fini3)
 *(.fini2)
 *(.fini2)
 *(.fini1)
 *(.fini1)
 *(.fini0)
 .fini0         0x00000c10        0x4 c:/program files (x86)/atmel/studio/7.0/toolchain/avr8/avr8-gnu-toolchain/bin/../lib/gcc/avr/5.4.0/avr5\libgcc.a(_exit.o)
 *(.fini0)
                0x00000c14                _etext = .

.data           0x00800060       0x36 load address 0x00000c14
                0x00800060                PROVIDE (__data_start, .)
 *(.data)
 *(.data*)
 .data.LedInitState
                0x00800060        0x1 HAL/Led/Led_Src/Led.o
                0x00800060                LedInitState
 .data.SwInitState
                0x00800061        0x1 HAL/Switch/Switch_Src/Switch.o
 .data.IsPeriod_1ms.1950
                0x00800062        0x1 main.o
 *(.gnu.linkonce.d*)
 *(.rodata)
 *(.rodata*)
 .rodata.Led_CfgArr
                0x00800063        0x9 HAL/Led/Led_Cfg/Led_Cfg.o
                0x00800063                Led_CfgArr
 .rodata.Sw_CfgArr
                0x0080006c        0x6 HAL/Switch/Switch_Cfg/Switch_Cfg.o
                0x0080006c                Sw_CfgArr
 .rodata.Dio_CfgArr
                0x00800072       0x23 MCAL/Dio/Dio_Cfg/DIo_Cfg.o
                0x00800072                Dio_CfgArr
 *(.gnu.linkonce.r*)
                0x00800096                . = ALIGN (0x2)
 *fill*         0x00800095        0x1 
                0x00800096                _edata = .
                0x00800096                PROVIDE (__data_end, .)

.bss            0x00800096        0xd
                0x00800096                PROVIDE (__bss_start, .)
 *(.bss)
 *(.bss*)
 .bss.Gb_Motor  0x00800096        0x1 APP/Motor/Motor.o
                0x00800096                Gb_Motor
 .bss.G_WindowPos
                0x00800097        0x1 APP/POS/Pos.o
 .bss.SwState.1875
                0x00800098        0x3 HAL/Switch/Switch_Src/Switch.o
 .bss.SwValue   0x0080009b        0x3 HAL/Switch/Switch_Src/Switch.o
 .bss.u16Counter_500us
                0x0080009e        0x2 main.o
                0x0080009e                u16Counter_500us
 .bss.u16Counter_1ms
                0x008000a0        0x2 main.o
                0x008000a0                u16Counter_1ms
 .bss.u8IsTickCountersUpdated
                0x008000a2        0x1 main.o
                0x008000a2                u8IsTickCountersUpdated
 *(COMMON)
                0x008000a3                PROVIDE (__bss_end, .)
                0x00000c14                __data_load_start = LOADADDR (.data)
                0x00000c4a                __data_load_end = (__data_load_start + SIZEOF (.data))

.noinit         0x008000a3        0x0
                [!provide]                PROVIDE (__noinit_start, .)
 *(.noinit*)
                [!provide]                PROVIDE (__noinit_end, .)
                0x008000a3                _end = .
                [!provide]                PROVIDE (__heap_start, .)

.eeprom         0x00810000        0x0
 *(.eeprom*)
                0x00810000                __eeprom_end = .

.fuse
 *(.fuse)
 *(.lfuse)
 *(.hfuse)
 *(.efuse)

.lock
 *(.lock*)

.signature
 *(.signature*)

.user_signatures
 *(.user_signatures*)

.stab
 *(.stab)

.stabstr
 *(.stabstr)

.stab.excl
 *(.stab.excl)

.stab.exclstr
 *(.stab.exclstr)

.stab.index
 *(.stab.index)

.stab.indexstr
 *(.stab.indexstr)

.comment        0x00000000       0x30
 *(.comment)
 .comment       0x00000000       0x30 APP/MOD/Mod.o
                                 0x31 (size before relaxing)
 .comment       0x00000030       0x31 APP/Motor/Motor.o
 .comment       0x00000030       0x31 APP/POS/Pos.o
 .comment       0x00000030       0x31 APP/WinBtn/WinBtn.o
 .comment       0x00000030       0x31 HAL/Led/Led_Cfg/Led_Cfg.o
 .comment       0x00000030       0x31 HAL/Led/Led_Src/Led.o
 .comment       0x00000030       0x31 HAL/Switch/Switch_Cfg/Switch_Cfg.o
 .comment       0x00000030       0x31 HAL/Switch/Switch_Src/Switch.o
 .comment       0x00000030       0x31 main.o
 .comment       0x00000030       0x31 MCAL/Dio/Dio_Cfg/DIo_Cfg.o
 .comment       0x00000030       0x31 MCAL/Dio/Dio_Src/Dio.o
 .comment       0x00000030       0x31 MCAL/Timer0/Timer0_Src/Timer0.o
 .comment       0x00000030       0x31 Tasks.o

.note.gnu.avr.deviceinfo
                0x00000000       0x3c
 .note.gnu.avr.deviceinfo
                0x00000000       0x3c c:/program files (x86)/atmel/studio/7.0/toolchain/avr8/avr8-gnu-toolchain/bin/../lib/gcc/avr/5.4.0/../../../../avr/lib/avr5/crtatmega32.o

.note.gnu.build-id
 *(.note.gnu.build-id)

.debug
 *(.debug)

.line
 *(.line)

.debug_srcinfo
 *(.debug_srcinfo)

.debug_sfnames
 *(.debug_sfnames)

.debug_aranges  0x00000000      0x290
 *(.debug_aranges)
 .debug_aranges
                0x00000000       0x30 APP/MOD/Mod.o
 .debug_aranges
                0x00000030       0x28 APP/Motor/Motor.o
 .debug_aranges
                0x00000058       0x30 APP/POS/Pos.o
 .debug_aranges
                0x00000088       0x28 APP/WinBtn/WinBtn.o
 .debug_aranges
                0x000000b0       0x18 HAL/Led/Led_Cfg/Led_Cfg.o
 .debug_aranges
                0x000000c8       0x38 HAL/Led/Led_Src/Led.o
 .debug_aranges
                0x00000100       0x18 HAL/Switch/Switch_Cfg/Switch_Cfg.o
 .debug_aranges
                0x00000118       0x38 HAL/Switch/Switch_Src/Switch.o
 .debug_aranges
                0x00000150       0x28 main.o
 .debug_aranges
                0x00000178       0x18 MCAL/Dio/Dio_Cfg/DIo_Cfg.o
 .debug_aranges
                0x00000190       0x58 MCAL/Dio/Dio_Src/Dio.o
 .debug_aranges
                0x000001e8       0x28 MCAL/Timer0/Timer0_Src/Timer0.o
 .debug_aranges
                0x00000210       0x80 Tasks.o

.debug_pubnames
 *(.debug_pubnames)

.debug_info     0x00000000     0x2190
 *(.debug_info .gnu.linkonce.wi.*)
 .debug_info    0x00000000      0x4e6 c:/program files (x86)/atmel/studio/7.0/toolchain/avr8/avr8-gnu-toolchain/bin/../lib/gcc/avr/5.4.0/../../../../avr/lib/avr5/crtatmega32.o
 .debug_info    0x000004e6       0xee APP/MOD/Mod.o
 .debug_info    0x000005d4      0x221 APP/Motor/Motor.o
 .debug_info    0x000007f5      0x1a4 APP/POS/Pos.o
 .debug_info    0x00000999      0x188 APP/WinBtn/WinBtn.o
 .debug_info    0x00000b21      0x15b HAL/Led/Led_Cfg/Led_Cfg.o
 .debug_info    0x00000c7c      0x375 HAL/Led/Led_Src/Led.o
 .debug_info    0x00000ff1      0x14d HAL/Switch/Switch_Cfg/Switch_Cfg.o
 .debug_info    0x0000113e      0x3e0 HAL/Switch/Switch_Src/Switch.o
 .debug_info    0x0000151e      0x288 main.o
 .debug_info    0x000017a6      0x1cb MCAL/Dio/Dio_Cfg/DIo_Cfg.o
 .debug_info    0x00001971      0x4b2 MCAL/Dio/Dio_Src/Dio.o
 .debug_info    0x00001e23       0xd0 MCAL/Timer0/Timer0_Src/Timer0.o
 .debug_info    0x00001ef3      0x29d Tasks.o

.debug_abbrev   0x00000000      0xfec
 *(.debug_abbrev)
 .debug_abbrev  0x00000000      0x4a3 c:/program files (x86)/atmel/studio/7.0/toolchain/avr8/avr8-gnu-toolchain/bin/../lib/gcc/avr/5.4.0/../../../../avr/lib/avr5/crtatmega32.o
 .debug_abbrev  0x000004a3       0x83 APP/MOD/Mod.o
 .debug_abbrev  0x00000526      0x124 APP/Motor/Motor.o
 .debug_abbrev  0x0000064a       0xef APP/POS/Pos.o
 .debug_abbrev  0x00000739       0xe6 APP/WinBtn/WinBtn.o
 .debug_abbrev  0x0000081f       0x91 HAL/Led/Led_Cfg/Led_Cfg.o
 .debug_abbrev  0x000008b0      0x148 HAL/Led/Led_Src/Led.o
 .debug_abbrev  0x000009f8       0x91 HAL/Switch/Switch_Cfg/Switch_Cfg.o
 .debug_abbrev  0x00000a89      0x14c HAL/Switch/Switch_Src/Switch.o
 .debug_abbrev  0x00000bd5       0xce main.o
 .debug_abbrev  0x00000ca3       0xab MCAL/Dio/Dio_Cfg/DIo_Cfg.o
 .debug_abbrev  0x00000d4e      0x19b MCAL/Dio/Dio_Src/Dio.o
 .debug_abbrev  0x00000ee9       0x88 MCAL/Timer0/Timer0_Src/Timer0.o
 .debug_abbrev  0x00000f71       0x7b Tasks.o

.debug_line     0x00000000     0x1538
 *(.debug_line .debug_line.* .debug_line_end)
 .debug_line    0x00000000       0x1a c:/program files (x86)/atmel/studio/7.0/toolchain/avr8/avr8-gnu-toolchain/bin/../lib/gcc/avr/5.4.0/../../../../avr/lib/avr5/crtatmega32.o
 .debug_line    0x0000001a       0x6d APP/MOD/Mod.o
 .debug_line    0x00000087      0x123 APP/Motor/Motor.o
 .debug_line    0x000001aa      0x12f APP/POS/Pos.o
 .debug_line    0x000002d9      0x107 APP/WinBtn/WinBtn.o
 .debug_line    0x000003e0       0xf5 HAL/Led/Led_Cfg/Led_Cfg.o
 .debug_line    0x000004d5      0x247 HAL/Led/Led_Src/Led.o
 .debug_line    0x0000071c      0x158 HAL/Switch/Switch_Cfg/Switch_Cfg.o
 .debug_line    0x00000874      0x2d6 HAL/Switch/Switch_Src/Switch.o
 .debug_line    0x00000b4a      0x1b0 main.o
 .debug_line    0x00000cfa       0xc3 MCAL/Dio/Dio_Cfg/DIo_Cfg.o
 .debug_line    0x00000dbd      0x3fd MCAL/Dio/Dio_Src/Dio.o
 .debug_line    0x000011ba      0x13c MCAL/Timer0/Timer0_Src/Timer0.o
 .debug_line    0x000012f6      0x242 Tasks.o

.debug_frame    0x00000000      0x470
 *(.debug_frame)
 .debug_frame   0x00000000       0x44 APP/MOD/Mod.o
 .debug_frame   0x00000044       0x34 APP/Motor/Motor.o
 .debug_frame   0x00000078       0x5c APP/POS/Pos.o
 .debug_frame   0x000000d4       0x44 APP/WinBtn/WinBtn.o
 .debug_frame   0x00000118       0x70 HAL/Led/Led_Src/Led.o
 .debug_frame   0x00000188       0xa0 HAL/Switch/Switch_Src/Switch.o
 .debug_frame   0x00000228       0x34 main.o
 .debug_frame   0x0000025c       0xb4 MCAL/Dio/Dio_Src/Dio.o
 .debug_frame   0x00000310       0x7c MCAL/Timer0/Timer0_Src/Timer0.o
 .debug_frame   0x0000038c       0xe4 Tasks.o

.debug_str      0x00000000      0xaf0
 *(.debug_str)
 .debug_str     0x00000000      0x196 c:/program files (x86)/atmel/studio/7.0/toolchain/avr8/avr8-gnu-toolchain/bin/../lib/gcc/avr/5.4.0/../../../../avr/lib/avr5/crtatmega32.o
 .debug_str     0x00000196      0x1bc APP/MOD/Mod.o
                                0x1f0 (size before relaxing)
 .debug_str     0x00000352       0xf5 APP/Motor/Motor.o
                                0x296 (size before relaxing)
 .debug_str     0x00000447       0xad APP/POS/Pos.o
                                0x278 (size before relaxing)
 .debug_str     0x000004f4       0x97 APP/WinBtn/WinBtn.o
                                0x262 (size before relaxing)
 .debug_str     0x0000058b       0xc3 HAL/Led/Led_Cfg/Led_Cfg.o
                                0x28d (size before relaxing)
 .debug_str     0x0000064e       0xa4 HAL/Led/Led_Src/Led.o
                                0x34d (size before relaxing)
 .debug_str     0x000006f2       0x3f HAL/Switch/Switch_Cfg/Switch_Cfg.o
                                0x279 (size before relaxing)
 .debug_str     0x00000731      0x136 HAL/Switch/Switch_Src/Switch.o
                                0x3dc (size before relaxing)
 .debug_str     0x00000867       0xf5 main.o
                                0x2e9 (size before relaxing)
 .debug_str     0x0000095c       0xbd MCAL/Dio/Dio_Cfg/DIo_Cfg.o
                                0x2b0 (size before relaxing)
 .debug_str     0x00000a19       0x8c MCAL/Dio/Dio_Src/Dio.o
                                0x389 (size before relaxing)
 .debug_str     0x00000aa5       0x3e MCAL/Timer0/Timer0_Src/Timer0.o
                                0x1e4 (size before relaxing)
 .debug_str     0x00000ae3        0xd Tasks.o
                                0x29f (size before relaxing)

.debug_loc      0x00000000      0xd46
 *(.debug_loc)
 .debug_loc     0x00000000       0x8b APP/Motor/Motor.o
 .debug_loc     0x0000008b       0x68 APP/POS/Pos.o
 .debug_loc     0x000000f3       0x67 APP/WinBtn/WinBtn.o
 .debug_loc     0x0000015a      0x299 HAL/Led/Led_Src/Led.o
 .debug_loc     0x000003f3      0x35c HAL/Switch/Switch_Src/Switch.o
 .debug_loc     0x0000074f      0x52c MCAL/Dio/Dio_Src/Dio.o
 .debug_loc     0x00000c7b       0xcb MCAL/Timer0/Timer0_Src/Timer0.o

.debug_macinfo
 *(.debug_macinfo)

.debug_weaknames
 *(.debug_weaknames)

.debug_funcnames
 *(.debug_funcnames)

.debug_typenames
 *(.debug_typenames)

.debug_varnames
 *(.debug_varnames)

.debug_pubtypes
 *(.debug_pubtypes)

.debug_ranges   0x00000000      0x1a8
 *(.debug_ranges)
 .debug_ranges  0x00000000       0x20 APP/MOD/Mod.o
 .debug_ranges  0x00000020       0x18 APP/Motor/Motor.o
 .debug_ranges  0x00000038       0x20 APP/POS/Pos.o
 .debug_ranges  0x00000058       0x18 APP/WinBtn/WinBtn.o
 .debug_ranges  0x00000070       0x28 HAL/Led/Led_Src/Led.o
 .debug_ranges  0x00000098       0x28 HAL/Switch/Switch_Src/Switch.o
 .debug_ranges  0x000000c0       0x18 main.o
 .debug_ranges  0x000000d8       0x48 MCAL/Dio/Dio_Src/Dio.o
 .debug_ranges  0x00000120       0x18 MCAL/Timer0/Timer0_Src/Timer0.o
 .debug_ranges  0x00000138       0x70 Tasks.o

.debug_macro
 *(.debug_macro)
OUTPUT(C_Example.elf elf32-avr)
LOAD linker stubs
